V3 4
FL D:/BE42359/MOD_N_COUNTER/MOD_N_COUNTER.vhd 2024/08/05.07:04:57 P.20131013
EN work/MOD_N_COUNTER 1723419230 FL D:/BE42359/MOD_N_COUNTER/MOD_N_COUNTER.vhd \
      PB ieee/std_logic_1164 1381692176 PB ieee/STD_LOGIC_UNSIGNED 1381692179 \
      PB ieee/NUMERIC_STD 1381692181 LB UNISIM PH unisim/VCOMPONENTS 1381692182
AR work/MOD_N_COUNTER/Behavioral 1723419231 \
      FL D:/BE42359/MOD_N_COUNTER/MOD_N_COUNTER.vhd EN work/MOD_N_COUNTER 1723419230
